Archive member included to satisfy reference by file (symbol)

c:/st/stm32cubeide_1.7.0/stm32cubeide/plugins/com.st.stm32cube.ide.mcu.externaltools.gnu-tools-for-stm32.9-2020-q2-update.win32_2.0.0.202105311346/tools/bin/../lib/gcc/arm-none-eabi/9.3.1/../../../../arm-none-eabi/lib/thumb/v7-m/nofp\libc_nano.a(lib_a-errno.o)
                              ./Core/Src/syscalls.o (__errno)
c:/st/stm32cubeide_1.7.0/stm32cubeide/plugins/com.st.stm32cube.ide.mcu.externaltools.gnu-tools-for-stm32.9-2020-q2-update.win32_2.0.0.202105311346/tools/bin/../lib/gcc/arm-none-eabi/9.3.1/../../../../arm-none-eabi/lib/thumb/v7-m/nofp\libc_nano.a(lib_a-exit.o)
                              c:/st/stm32cubeide_1.7.0/stm32cubeide/plugins/com.st.stm32cube.ide.mcu.externaltools.gnu-tools-for-stm32.9-2020-q2-update.win32_2.0.0.202105311346/tools/bin/../lib/gcc/arm-none-eabi/9.3.1/../../../../arm-none-eabi/lib/thumb/v7-m/nofp/crt0.o (exit)
c:/st/stm32cubeide_1.7.0/stm32cubeide/plugins/com.st.stm32cube.ide.mcu.externaltools.gnu-tools-for-stm32.9-2020-q2-update.win32_2.0.0.202105311346/tools/bin/../lib/gcc/arm-none-eabi/9.3.1/../../../../arm-none-eabi/lib/thumb/v7-m/nofp\libc_nano.a(lib_a-impure.o)
                              c:/st/stm32cubeide_1.7.0/stm32cubeide/plugins/com.st.stm32cube.ide.mcu.externaltools.gnu-tools-for-stm32.9-2020-q2-update.win32_2.0.0.202105311346/tools/bin/../lib/gcc/arm-none-eabi/9.3.1/../../../../arm-none-eabi/lib/thumb/v7-m/nofp\libc_nano.a(lib_a-exit.o) (_global_impure_ptr)
c:/st/stm32cubeide_1.7.0/stm32cubeide/plugins/com.st.stm32cube.ide.mcu.externaltools.gnu-tools-for-stm32.9-2020-q2-update.win32_2.0.0.202105311346/tools/bin/../lib/gcc/arm-none-eabi/9.3.1/../../../../arm-none-eabi/lib/thumb/v7-m/nofp\libc_nano.a(lib_a-init.o)
                              c:/st/stm32cubeide_1.7.0/stm32cubeide/plugins/com.st.stm32cube.ide.mcu.externaltools.gnu-tools-for-stm32.9-2020-q2-update.win32_2.0.0.202105311346/tools/bin/../lib/gcc/arm-none-eabi/9.3.1/../../../../arm-none-eabi/lib/thumb/v7-m/nofp/crt0.o (__libc_init_array)
c:/st/stm32cubeide_1.7.0/stm32cubeide/plugins/com.st.stm32cube.ide.mcu.externaltools.gnu-tools-for-stm32.9-2020-q2-update.win32_2.0.0.202105311346/tools/bin/../lib/gcc/arm-none-eabi/9.3.1/../../../../arm-none-eabi/lib/thumb/v7-m/nofp\libc_nano.a(lib_a-memset.o)
                              c:/st/stm32cubeide_1.7.0/stm32cubeide/plugins/com.st.stm32cube.ide.mcu.externaltools.gnu-tools-for-stm32.9-2020-q2-update.win32_2.0.0.202105311346/tools/bin/../lib/gcc/arm-none-eabi/9.3.1/../../../../arm-none-eabi/lib/thumb/v7-m/nofp/crt0.o (memset)

Allocating common symbols
Common symbol       size              file

SCH_tasks_G         0x320             ./Core/Src/main.o
uwTick              0x4               ./Drivers/STM32F1xx_HAL_Driver/Src/stm32f1xx_hal.o
pFlash              0x20              ./Drivers/STM32F1xx_HAL_Driver/Src/stm32f1xx_hal_flash.o
htim2               0x48              ./Core/Src/main.o

Discarded input sections

 .text          0x0000000000000000        0x0 c:/st/stm32cubeide_1.7.0/stm32cubeide/plugins/com.st.stm32cube.ide.mcu.externaltools.gnu-tools-for-stm32.9-2020-q2-update.win32_2.0.0.202105311346/tools/bin/../lib/gcc/arm-none-eabi/9.3.1/thumb/v7-m/nofp/crti.o
 .data          0x0000000000000000        0x0 c:/st/stm32cubeide_1.7.0/stm32cubeide/plugins/com.st.stm32cube.ide.mcu.externaltools.gnu-tools-for-stm32.9-2020-q2-update.win32_2.0.0.202105311346/tools/bin/../lib/gcc/arm-none-eabi/9.3.1/thumb/v7-m/nofp/crti.o
 .bss           0x0000000000000000        0x0 c:/st/stm32cubeide_1.7.0/stm32cubeide/plugins/com.st.stm32cube.ide.mcu.externaltools.gnu-tools-for-stm32.9-2020-q2-update.win32_2.0.0.202105311346/tools/bin/../lib/gcc/arm-none-eabi/9.3.1/thumb/v7-m/nofp/crti.o
 .data          0x0000000000000000        0x4 c:/st/stm32cubeide_1.7.0/stm32cubeide/plugins/com.st.stm32cube.ide.mcu.externaltools.gnu-tools-for-stm32.9-2020-q2-update.win32_2.0.0.202105311346/tools/bin/../lib/gcc/arm-none-eabi/9.3.1/thumb/v7-m/nofp/crtbegin.o
 .text          0x0000000000000000       0x7c c:/st/stm32cubeide_1.7.0/stm32cubeide/plugins/com.st.stm32cube.ide.mcu.externaltools.gnu-tools-for-stm32.9-2020-q2-update.win32_2.0.0.202105311346/tools/bin/../lib/gcc/arm-none-eabi/9.3.1/../../../../arm-none-eabi/lib/thumb/v7-m/nofp/crt0.o
 .data          0x0000000000000000        0x0 c:/st/stm32cubeide_1.7.0/stm32cubeide/plugins/com.st.stm32cube.ide.mcu.externaltools.gnu-tools-for-stm32.9-2020-q2-update.win32_2.0.0.202105311346/tools/bin/../lib/gcc/arm-none-eabi/9.3.1/../../../../arm-none-eabi/lib/thumb/v7-m/nofp/crt0.o
 .bss           0x0000000000000000        0x0 c:/st/stm32cubeide_1.7.0/stm32cubeide/plugins/com.st.stm32cube.ide.mcu.externaltools.gnu-tools-for-stm32.9-2020-q2-update.win32_2.0.0.202105311346/tools/bin/../lib/gcc/arm-none-eabi/9.3.1/../../../../arm-none-eabi/lib/thumb/v7-m/nofp/crt0.o
[...]
Memory Configuration

Name             Origin             Length             Attributes
RAM              0x0000000020000000 0x0000000000002800 xrw
FLASH            0x0000000008000000 0x0000000000008000 xr
*default*        0x0000000000000000 0xffffffffffffffff

Linker script and memory map

LOAD c:/st/stm32cubeide_1.7.0/stm32cubeide/plugins/com.st.stm32cube.ide.mcu.externaltools.gnu-tools-for-stm32.9-2020-q2-update.win32_2.0.0.202105311346/tools/bin/../lib/gcc/arm-none-eabi/9.3.1/thumb/v7-m/nofp/crti.o
LOAD c:/st/stm32cubeide_1.7.0/stm32cubeide/plugins/com.st.stm32cube.ide.mcu.externaltools.gnu-tools-for-stm32.9-2020-q2-update.win32_2.0.0.202105311346/tools/bin/../lib/gcc/arm-none-eabi/9.3.1/thumb/v7-m/nofp/crtbegin.o
LOAD c:/st/stm32cubeide_1.7.0/stm32cubeide/plugins/com.st.stm32cube.ide.mcu.externaltools.gnu-tools-for-stm32.9-2020-q2-update.win32_2.0.0.202105311346/tools/bin/../lib/gcc/arm-none-eabi/9.3.1/../../../../arm-none-eabi/lib/thumb/v7-m/nofp/crt0.o
LOAD ./Core/Src/button.o
LOAD ./Core/Src/display7SEG.o
LOAD ./Core/Src/fsm.o
LOAD ./Core/Src/fsm_setting.o
LOAD ./Core/Src/global.o
LOAD ./Core/Src/main.o
LOAD ./Core/Src/scheduler.o
LOAD ./Core/Src/stm32f1xx_hal_msp.o
LOAD ./Core/Src/stm32f1xx_it.o
LOAD ./Core/Src/syscalls.o
LOAD ./Core/Src/sysmem.o
LOAD ./Core/Src/system_stm32f1xx.o
LOAD ./Core/Startup/startup_stm32f103c6ux.o
LOAD ./Drivers/STM32F1xx_HAL_Driver/Src/stm32f1xx_hal.o
LOAD ./Drivers/STM32F1xx_HAL_Driver/Src/stm32f1xx_hal_cortex.o
LOAD ./Drivers/STM32F1xx_HAL_Driver/Src/stm32f1xx_hal_dma.o
LOAD ./Drivers/STM32F1xx_HAL_Driver/Src/stm32f1xx_hal_exti.o
LOAD ./Drivers/STM32F1xx_HAL_Driver/Src/stm32f1xx_hal_flash.o
LOAD ./Drivers/STM32F1xx_HAL_Driver/Src/stm32f1xx_hal_flash_ex.o
LOAD ./Drivers/STM32F1xx_HAL_Driver/Src/stm32f1xx_hal_gpio.o
LOAD ./Drivers/STM32F1xx_HAL_Driver/Src/stm32f1xx_hal_gpio_ex.o
LOAD ./Drivers/STM32F1xx_HAL_Driver/Src/stm32f1xx_hal_pwr.o
LOAD ./Drivers/STM32F1xx_HAL_Driver/Src/stm32f1xx_hal_rcc.o
LOAD ./Drivers/STM32F1xx_HAL_Driver/Src/stm32f1xx_hal_rcc_ex.o
LOAD ./Drivers/STM32F1xx_HAL_Driver/Src/stm32f1xx_hal_tim.o
LOAD ./Drivers/STM32F1xx_HAL_Driver/Src/stm32f1xx_hal_tim_ex.o
START GROUP
LOAD c:/st/stm32cubeide_1.7.0/stm32cubeide/plugins/com.st.stm32cube.ide.mcu.externaltools.gnu-tools-for-stm32.9-2020-q2-update.win32_2.0.0.202105311346/tools/bin/../lib/gcc/arm-none-eabi/9.3.1/../../../../arm-none-eabi/lib/thumb/v7-m/nofp\libc_nano.a
LOAD c:/st/stm32cubeide_1.7.0/stm32cubeide/plugins/com.st.stm32cube.ide.mcu.externaltools.gnu-tools-for-stm32.9-2020-q2-update.win32_2.0.0.202105311346/tools/bin/../lib/gcc/arm-none-eabi/9.3.1/../../../../arm-none-eabi/lib/thumb/v7-m/nofp\libm.a
END GROUP
START GROUP
LOAD c:/st/stm32cubeide_1.7.0/stm32cubeide/plugins/com.st.stm32cube.ide.mcu.externaltools.gnu-tools-for-stm32.9-2020-q2-update.win32_2.0.0.202105311346/tools/bin/../lib/gcc/arm-none-eabi/9.3.1/thumb/v7-m/nofp\libgcc.a
LOAD c:/st/stm32cubeide_1.7.0/stm32cubeide/plugins/com.st.stm32cube.ide.mcu.externaltools.gnu-tools-for-stm32.9-2020-q2-update.win32_2.0.0.202105311346/tools/bin/../lib/gcc/arm-none-eabi/9.3.1/../../../../arm-none-eabi/lib/thumb/v7-m/nofp\libc_nano.a
END GROUP
START GROUP
LOAD c:/st/stm32cubeide_1.7.0/stm32cubeide/plugins/com.st.stm32cube.ide.mcu.externaltools.gnu-tools-for-stm32.9-2020-q2-update.win32_2.0.0.202105311346/tools/bin/../lib/gcc/arm-none-eabi/9.3.1/thumb/v7-m/nofp\libgcc.a
LOAD c:/st/stm32cubeide_1.7.0/stm32cubeide/plugins/com.st.stm32cube.ide.mcu.externaltools.gnu-tools-for-stm32.9-2020-q2-update.win32_2.0.0.202105311346/tools/bin/../lib/gcc/arm-none-eabi/9.3.1/../../../../arm-none-eabi/lib/thumb/v7-m/nofp\libc_nano.a
LOAD c:/st/stm32cubeide_1.7.0/stm32cubeide/plugins/com.st.stm32cube.ide.mcu.externaltools.gnu-tools-for-stm32.9-2020-q2-update.win32_2.0.0.202105311346/tools/bin/../lib/gcc/arm-none-eabi/9.3.1/../../../../arm-none-eabi/lib/thumb/v7-m/nofp\libnosys.a
END GROUP
START GROUP
LOAD c:/st/stm32cubeide_1.7.0/stm32cubeide/plugins/com.st.stm32cube.ide.mcu.externaltools.gnu-tools-for-stm32.9-2020-q2-update.win32_2.0.0.202105311346/tools/bin/../lib/gcc/arm-none-eabi/9.3.1/thumb/v7-m/nofp\libgcc.a
LOAD c:/st/stm32cubeide_1.7.0/stm32cubeide/plugins/com.st.stm32cube.ide.mcu.externaltools.gnu-tools-for-stm32.9-2020-q2-update.win32_2.0.0.202105311346/tools/bin/../lib/gcc/arm-none-eabi/9.3.1/../../../../arm-none-eabi/lib/thumb/v7-m/nofp\libc_nano.a
LOAD c:/st/stm32cubeide_1.7.0/stm32cubeide/plugins/com.st.stm32cube.ide.mcu.externaltools.gnu-tools-for-stm32.9-2020-q2-update.win32_2.0.0.202105311346/tools/bin/../lib/gcc/arm-none-eabi/9.3.1/../../../../arm-none-eabi/lib/thumb/v7-m/nofp\libnosys.a
END GROUP
LOAD c:/st/stm32cubeide_1.7.0/stm32cubeide/plugins/com.st.stm32cube.ide.mcu.externaltools.gnu-tools-for-stm32.9-2020-q2-update.win32_2.0.0.202105311346/tools/bin/../lib/gcc/arm-none-eabi/9.3.1/thumb/v7-m/nofp/crtend.o
LOAD c:/st/stm32cubeide_1.7.0/stm32cubeide/plugins/com.st.stm32cube.ide.mcu.externaltools.gnu-tools-for-stm32.9-2020-q2-update.win32_2.0.0.202105311346/tools/bin/../lib/gcc/arm-none-eabi/9.3.1/thumb/v7-m/nofp/crtn.o
                0x0000000020002800                _estack = (ORIGIN (RAM) + LENGTH (RAM))
                0x0000000000000200                _Min_Heap_Size = 0x200
                0x0000000000000400                _Min_Stack_Size = 0x400

.isr_vector     0x0000000008000000      0x10c
                0x0000000008000000                . = ALIGN (0x4)
 *(.isr_vector)
 .isr_vector    0x0000000008000000      0x10c ./Core/Startup/startup_stm32f103c6ux.o
                0x0000000008000000                g_pfnVectors
                0x000000000800010c                . = ALIGN (0x4)

.text           0x000000000800010c     0x3118
                0x000000000800010c                . = ALIGN (0x4)
 *(.text)
 .text          0x000000000800010c       0x40 c:/st/stm32cubeide_1.7.0/stm32cubeide/plugins/com.st.stm32cube.ide.mcu.externaltools.gnu-tools-for-stm32.9-2020-q2-update.win32_2.0.0.202105311346/tools/bin/../lib/gcc/arm-none-eabi/9.3.1/thumb/v7-m/nofp/crtbegin.o
 *(.text*)
 .text.subKeyProcess_1
                0x000000000800014c       0x18 ./Core/Src/button.o
                0x000000000800014c                subKeyProcess_1
 .text.subKeyProcess_2
                0x0000000008000164       0x18 ./Core/Src/button.o
                0x0000000008000164                subKeyProcess_2
 .text.subKeyProcess_3
                0x000000000800017c       0x18 ./Core/Src/button.o
                0x000000000800017c                subKeyProcess_3
 .text.isButton1Pressed
                0x0000000008000194       0x24 ./Core/Src/button.o
                0x0000000008000194                isButton1Pressed
 .text.isButton2Pressed
                0x00000000080001b8       0x24 ./Core/Src/button.o
                0x00000000080001b8                isButton2Pressed
 .text.isButton3Pressed
                0x00000000080001dc       0x24 ./Core/Src/button.o
                0x00000000080001dc                isButton3Pressed
 .text.getKeyInput_1
                0x0000000008000200       0x9c ./Core/Src/button.o
                0x0000000008000200                getKeyInput_1
 .text.getKeyInput_2
                0x000000000800029c       0x9c ./Core/Src/button.o
                0x000000000800029c                getKeyInput_2
 .text.getKeyInput_3
                0x0000000008000338       0x9c ./Core/Src/button.o
                0x0000000008000338                getKeyInput_3
 .text.init7SEG
                0x00000000080003d4       0xa8 ./Core/Src/display7SEG.o
                0x00000000080003d4                init7SEG
 .text.display7SEG_X
                0x000000000800047c      0x398 ./Core/Src/display7SEG.o
                0x000000000800047c                display7SEG_X
 .text.display7SEG_Y
                0x0000000008000814      0x320 ./Core/Src/display7SEG.o
                0x0000000008000814                display7SEG_Y
 .text.update7SEG
                0x0000000008000b34       0xb8 ./Core/Src/display7SEG.o
                0x0000000008000b34                update7SEG
 .text.updateBufferOption
                0x0000000008000bec       0x28 ./Core/Src/display7SEG.o
                0x0000000008000bec                updateBufferOption
 .text.updateBufferClock
                0x0000000008000c14       0xe0 ./Core/Src/display7SEG.o
                0x0000000008000c14                updateBufferClock
 .text.updateBufferMode
                0x0000000008000cf4      0x160 ./Core/Src/display7SEG.o
                0x0000000008000cf4                updateBufferMode
 .text.countdown
                0x0000000008000e54       0x28 ./Core/Src/fsm.o
                0x0000000008000e54                countdown
 .text.fsm_automatic_run
                0x0000000008000e7c      0x2c0 ./Core/Src/fsm.o
                0x0000000008000e7c                fsm_automatic_run
 .text.modifyRedLED
                0x000000000800113c       0x50 ./Core/Src/fsm_setting.o
                0x000000000800113c                modifyRedLED
 .text.modifyYellowLED
                0x000000000800118c       0x50 ./Core/Src/fsm_setting.o
                0x000000000800118c                modifyYellowLED
 .text.modifyGreenLED
                0x00000000080011dc       0x50 ./Core/Src/fsm_setting.o
                0x00000000080011dc                modifyGreenLED
 .text.change_mode
                0x000000000800122c       0x30 ./Core/Src/fsm_setting.o
                0x000000000800122c                change_mode
 .text.mode_1   0x000000000800125c       0x18 ./Core/Src/fsm_setting.o
                0x000000000800125c                mode_1
 .text.mode_2   0x0000000008001274       0x18 ./Core/Src/fsm_setting.o
                0x0000000008001274                mode_2
 .text.mode_3   0x000000000800128c       0x18 ./Core/Src/fsm_setting.o
                0x000000000800128c                mode_3
 .text.mode_4   0x00000000080012a4       0x18 ./Core/Src/fsm_setting.o
                0x00000000080012a4                mode_4
 .text.change_clock_value
                0x00000000080012bc      0x19c ./Core/Src/fsm_setting.o
                0x00000000080012bc                change_clock_value
 .text.brightBlue
                0x0000000008001458       0x18 ./Core/Src/main.o
                0x0000000008001458                brightBlue
 .text.main     0x0000000008001470      0x124 ./Core/Src/main.o
                0x0000000008001470                main
 .text.SystemClock_Config
                0x0000000008001594       0x76 ./Core/Src/main.o
                0x0000000008001594                SystemClock_Config
 *fill*         0x000000000800160a        0x2 
 .text.MX_TIM2_Init
                0x000000000800160c       0x98 ./Core/Src/main.o
 .text.MX_GPIO_Init
                0x00000000080016a4       0xc8 ./Core/Src/main.o
 .text.HAL_TIM_PeriodElapsedCallback
                0x000000000800176c       0x2a ./Core/Src/main.o
                0x000000000800176c                HAL_TIM_PeriodElapsedCallback
 .text.Error_Handler
                0x0000000008001796        0xa ./Core/Src/main.o
                0x0000000008001796                Error_Handler
 .text.SCH_Add_Task
                0x00000000080017a0       0xb8 ./Core/Src/scheduler.o
                0x00000000080017a0                SCH_Add_Task
 .text.SCH_Update
                0x0000000008001858       0xdc ./Core/Src/scheduler.o
                0x0000000008001858                SCH_Update
 .text.SCH_Dispatch_Tasks
                0x0000000008001934       0x9c ./Core/Src/scheduler.o
                0x0000000008001934                SCH_Dispatch_Tasks
 .text.SCH_Delete_Task
                0x00000000080019d0       0x90 ./Core/Src/scheduler.o
                0x00000000080019d0                SCH_Delete_Task
 .text.SCH_Go_To_Sleep
                0x0000000008001a60        0xc ./Core/Src/scheduler.o
                0x0000000008001a60                SCH_Go_To_Sleep
 .text.SCH_Report_Status
                0x0000000008001a6c        0xc ./Core/Src/scheduler.o
                0x0000000008001a6c                SCH_Report_Status
 .text.HAL_MspInit
                0x0000000008001a78       0x64 ./Core/Src/stm32f1xx_hal_msp.o
                0x0000000008001a78                HAL_MspInit
 .text.HAL_TIM_Base_MspInit
                0x0000000008001adc       0x48 ./Core/Src/stm32f1xx_hal_msp.o
                0x0000000008001adc                HAL_TIM_Base_MspInit
 .text.NMI_Handler
                0x0000000008001b24        0x6 ./Core/Src/stm32f1xx_it.o
                0x0000000008001b24                NMI_Handler
 .text.HardFault_Handler
                0x0000000008001b2a        0x6 ./Core/Src/stm32f1xx_it.o
                0x0000000008001b2a                HardFault_Handler
 .text.MemManage_Handler
                0x0000000008001b30        0x6 ./Core/Src/stm32f1xx_it.o
                0x0000000008001b30                MemManage_Handler
 .text.BusFault_Handler
                0x0000000008001b36        0x6 ./Core/Src/stm32f1xx_it.o
                0x0000000008001b36                BusFault_Handler
 .text.UsageFault_Handler
                0x0000000008001b3c        0x6 ./Core/Src/stm32f1xx_it.o
                0x0000000008001b3c                UsageFault_Handler
 .text.SVC_Handler
                0x0000000008001b42        0xc ./Core/Src/stm32f1xx_it.o
                0x0000000008001b42                SVC_Handler
 .text.DebugMon_Handler
                0x0000000008001b4e        0xc ./Core/Src/stm32f1xx_it.o
                0x0000000008001b4e                DebugMon_Handler
 .text.PendSV_Handler
                0x0000000008001b5a        0xc ./Core/Src/stm32f1xx_it.o
                0x0000000008001b5a                PendSV_Handler
 .text.SysTick_Handler
                0x0000000008001b66        0xc ./Core/Src/stm32f1xx_it.o
                0x0000000008001b66                SysTick_Handler
 *fill*         0x0000000008001b72        0x2 
 .text.TIM2_IRQHandler
                0x0000000008001b74       0x14 ./Core/Src/stm32f1xx_it.o
                0x0000000008001b74                TIM2_IRQHandler
 .text.SystemInit
                0x0000000008001b88        0xc ./Core/Src/system_stm32f1xx.o
                0x0000000008001b88                SystemInit
 .text.Reset_Handler
                0x0000000008001b94       0x48 ./Core/Startup/startup_stm32f103c6ux.o
                0x0000000008001b94                Reset_Handler
 .text.Default_Handler
                0x0000000008001bdc        0x2 ./Core/Startup/startup_stm32f103c6ux.o
                0x0000000008001bdc                RTC_Alarm_IRQHandler
                0x0000000008001bdc                EXTI2_IRQHandler
                0x0000000008001bdc                TIM1_CC_IRQHandler
                0x0000000008001bdc                PVD_IRQHandler
                0x0000000008001bdc                EXTI3_IRQHandler
                0x0000000008001bdc                EXTI0_IRQHandler
                0x0000000008001bdc                ADC1_2_IRQHandler
                0x0000000008001bdc                SPI1_IRQHandler
                0x0000000008001bdc                TAMPER_IRQHandler
                0x0000000008001bdc                DMA1_Channel4_IRQHandler
                0x0000000008001bdc                RTC_IRQHandler
                0x0000000008001bdc                DMA1_Channel7_IRQHandler
                0x0000000008001bdc                CAN1_RX1_IRQHandler
                0x0000000008001bdc                I2C1_EV_IRQHandler
                0x0000000008001bdc                DMA1_Channel6_IRQHandler
                0x0000000008001bdc                TIM3_IRQHandler
                0x0000000008001bdc                RCC_IRQHandler
                0x0000000008001bdc                TIM1_TRG_COM_IRQHandler
                0x0000000008001bdc                DMA1_Channel1_IRQHandler
                0x0000000008001bdc                Default_Handler
                0x0000000008001bdc                EXTI15_10_IRQHandler
                0x0000000008001bdc                EXTI9_5_IRQHandler
                0x0000000008001bdc                DMA1_Channel5_IRQHandler
                0x0000000008001bdc                EXTI4_IRQHandler
                0x0000000008001bdc                USB_LP_CAN1_RX0_IRQHandler
                0x0000000008001bdc                USB_HP_CAN1_TX_IRQHandler
                0x0000000008001bdc                DMA1_Channel3_IRQHandler
                0x0000000008001bdc                TIM1_UP_IRQHandler
                0x0000000008001bdc                WWDG_IRQHandler
                0x0000000008001bdc                TIM1_BRK_IRQHandler
                0x0000000008001bdc                EXTI1_IRQHandler
                0x0000000008001bdc                USART2_IRQHandler
                0x0000000008001bdc                DMA1_Channel2_IRQHandler
                0x0000000008001bdc                CAN1_SCE_IRQHandler
                0x0000000008001bdc                FLASH_IRQHandler
                0x0000000008001bdc                USART1_IRQHandler
                0x0000000008001bdc                I2C1_ER_IRQHandler
                0x0000000008001bdc                USBWakeUp_IRQHandler
 *fill*         0x0000000008001bde        0x2 
 .text.HAL_Init
                0x0000000008001be0       0x2c ./Drivers/STM32F1xx_HAL_Driver/Src/stm32f1xx_hal.o
                0x0000000008001be0                HAL_Init
 .text.HAL_InitTick
                0x0000000008001c0c       0x60 ./Drivers/STM32F1xx_HAL_Driver/Src/stm32f1xx_hal.o
                0x0000000008001c0c                HAL_InitTick
 .text.HAL_IncTick
                0x0000000008001c6c       0x24 ./Drivers/STM32F1xx_HAL_Driver/Src/stm32f1xx_hal.o
                0x0000000008001c6c                HAL_IncTick
 .text.HAL_GetTick
                0x0000000008001c90       0x14 ./Drivers/STM32F1xx_HAL_Driver/Src/stm32f1xx_hal.o
                0x0000000008001c90                HAL_GetTick
 .text.__NVIC_SetPriorityGrouping
                0x0000000008001ca4       0x48 ./Drivers/STM32F1xx_HAL_Driver/Src/stm32f1xx_hal_cortex.o
 .text.__NVIC_GetPriorityGrouping
                0x0000000008001cec       0x1c ./Drivers/STM32F1xx_HAL_Driver/Src/stm32f1xx_hal_cortex.o
 .text.__NVIC_EnableIRQ
                0x0000000008001d08       0x38 ./Drivers/STM32F1xx_HAL_Driver/Src/stm32f1xx_hal_cortex.o
 .text.__NVIC_SetPriority
                0x0000000008001d40       0x54 ./Drivers/STM32F1xx_HAL_Driver/Src/stm32f1xx_hal_cortex.o
 .text.NVIC_EncodePriority
                0x0000000008001d94       0x64 ./Drivers/STM32F1xx_HAL_Driver/Src/stm32f1xx_hal_cortex.o
 .text.SysTick_Config
                0x0000000008001df8       0x44 ./Drivers/STM32F1xx_HAL_Driver/Src/stm32f1xx_hal_cortex.o
 .text.HAL_NVIC_SetPriorityGrouping
                0x0000000008001e3c       0x16 ./Drivers/STM32F1xx_HAL_Driver/Src/stm32f1xx_hal_cortex.o
                0x0000000008001e3c                HAL_NVIC_SetPriorityGrouping
 .text.HAL_NVIC_SetPriority
                0x0000000008001e52       0x38 ./Drivers/STM32F1xx_HAL_Driver/Src/stm32f1xx_hal_cortex.o
                0x0000000008001e52                HAL_NVIC_SetPriority
 .text.HAL_NVIC_EnableIRQ
                0x0000000008001e8a       0x1c ./Drivers/STM32F1xx_HAL_Driver/Src/stm32f1xx_hal_cortex.o
                0x0000000008001e8a                HAL_NVIC_EnableIRQ
 .text.HAL_SYSTICK_Config
                0x0000000008001ea6       0x18 ./Drivers/STM32F1xx_HAL_Driver/Src/stm32f1xx_hal_cortex.o
                0x0000000008001ea6                HAL_SYSTICK_Config
 *fill*         0x0000000008001ebe        0x2 
 .text.HAL_GPIO_Init
                0x0000000008001ec0      0x2f4 ./Drivers/STM32F1xx_HAL_Driver/Src/stm32f1xx_hal_gpio.o
                0x0000000008001ec0                HAL_GPIO_Init
 .text.HAL_GPIO_ReadPin
                0x00000000080021b4       0x2e ./Drivers/STM32F1xx_HAL_Driver/Src/stm32f1xx_hal_gpio.o
                0x00000000080021b4                HAL_GPIO_ReadPin
 .text.HAL_GPIO_WritePin
                0x00000000080021e2       0x30 ./Drivers/STM32F1xx_HAL_Driver/Src/stm32f1xx_hal_gpio.o
                0x00000000080021e2                HAL_GPIO_WritePin
 .text.HAL_GPIO_TogglePin
                0x0000000008002212       0x32 ./Drivers/STM32F1xx_HAL_Driver/Src/stm32f1xx_hal_gpio.o
                0x0000000008002212                HAL_GPIO_TogglePin
 .text.HAL_RCC_OscConfig
                0x0000000008002244      0x500 ./Drivers/STM32F1xx_HAL_Driver/Src/stm32f1xx_hal_rcc.o
                0x0000000008002244                HAL_RCC_OscConfig
 .text.HAL_RCC_ClockConfig
                0x0000000008002744      0x1d4 ./Drivers/STM32F1xx_HAL_Driver/Src/stm32f1xx_hal_rcc.o
                0x0000000008002744                HAL_RCC_ClockConfig
 .text.HAL_RCC_GetSysClockFreq
                0x0000000008002918       0xa8 ./Drivers/STM32F1xx_HAL_Driver/Src/stm32f1xx_hal_rcc.o
                0x0000000008002918                HAL_RCC_GetSysClockFreq
 .text.RCC_Delay
                0x00000000080029c0       0x3c ./Drivers/STM32F1xx_HAL_Driver/Src/stm32f1xx_hal_rcc.o
 .text.HAL_TIM_Base_Init
                0x00000000080029fc       0x9e ./Drivers/STM32F1xx_HAL_Driver/Src/stm32f1xx_hal_tim.o
                0x00000000080029fc                HAL_TIM_Base_Init
 *fill*         0x0000000008002a9a        0x2 
 .text.HAL_TIM_Base_Start_IT
                0x0000000008002a9c       0x98 ./Drivers/STM32F1xx_HAL_Driver/Src/stm32f1xx_hal_tim.o
                0x0000000008002a9c                HAL_TIM_Base_Start_IT
 .text.HAL_TIM_IRQHandler
                0x0000000008002b34      0x1e0 ./Drivers/STM32F1xx_HAL_Driver/Src/stm32f1xx_hal_tim.o
                0x0000000008002b34                HAL_TIM_IRQHandler
 .text.HAL_TIM_ConfigClockSource
                0x0000000008002d14      0x18e ./Drivers/STM32F1xx_HAL_Driver/Src/stm32f1xx_hal_tim.o
                0x0000000008002d14                HAL_TIM_ConfigClockSource
 .text.HAL_TIM_OC_DelayElapsedCallback
                0x0000000008002ea2       0x12 ./Drivers/STM32F1xx_HAL_Driver/Src/stm32f1xx_hal_tim.o
                0x0000000008002ea2                HAL_TIM_OC_DelayElapsedCallback
 .text.HAL_TIM_IC_CaptureCallback
                0x0000000008002eb4       0x12 ./Drivers/STM32F1xx_HAL_Driver/Src/stm32f1xx_hal_tim.o
                0x0000000008002eb4                HAL_TIM_IC_CaptureCallback
 .text.HAL_TIM_PWM_PulseFinishedCallback
                0x0000000008002ec6       0x12 ./Drivers/STM32F1xx_HAL_Driver/Src/stm32f1xx_hal_tim.o
                0x0000000008002ec6                HAL_TIM_PWM_PulseFinishedCallback
 .text.HAL_TIM_TriggerCallback
                0x0000000008002ed8       0x12 ./Drivers/STM32F1xx_HAL_Driver/Src/stm32f1xx_hal_tim.o
                0x0000000008002ed8                HAL_TIM_TriggerCallback
 *fill*         0x0000000008002eea        0x2 
 .text.TIM_Base_SetConfig
                0x0000000008002eec       0xc8 ./Drivers/STM32F1xx_HAL_Driver/Src/stm32f1xx_hal_tim.o
                0x0000000008002eec                TIM_Base_SetConfig
 .text.TIM_TI1_ConfigInputStage
                0x0000000008002fb4       0x5c ./Drivers/STM32F1xx_HAL_Driver/Src/stm32f1xx_hal_tim.o
 .text.TIM_TI2_ConfigInputStage
                0x0000000008003010       0x5e ./Drivers/STM32F1xx_HAL_Driver/Src/stm32f1xx_hal_tim.o
 .text.TIM_ITRx_SetConfig
                0x000000000800306e       0x34 ./Drivers/STM32F1xx_HAL_Driver/Src/stm32f1xx_hal_tim.o
 .text.TIM_ETR_SetConfig
                0x00000000080030a2       0x3e ./Drivers/STM32F1xx_HAL_Driver/Src/stm32f1xx_hal_tim.o
                0x00000000080030a2                TIM_ETR_SetConfig
 .text.HAL_TIMEx_MasterConfigSynchronization
                0x00000000080030e0       0xb0 ./Drivers/STM32F1xx_HAL_Driver/Src/stm32f1xx_hal_tim_ex.o
                0x00000000080030e0                HAL_TIMEx_MasterConfigSynchronization
 .text.HAL_TIMEx_CommutCallback
                0x0000000008003190       0x12 ./Drivers/STM32F1xx_HAL_Driver/Src/stm32f1xx_hal_tim_ex.o
                0x0000000008003190                HAL_TIMEx_CommutCallback
 .text.HAL_TIMEx_BreakCallback
                0x00000000080031a2       0x12 ./Drivers/STM32F1xx_HAL_Driver/Src/stm32f1xx_hal_tim_ex.o
                0x00000000080031a2                HAL_TIMEx_BreakCallback
 .text.__libc_init_array
                0x00000000080031b4       0x48 c:/st/stm32cubeide_1.7.0/stm32cubeide/plugins/com.st.stm32cube.ide.mcu.externaltools.gnu-tools-for-stm32.9-2020-q2-update.win32_2.0.0.202105311346/tools/bin/../lib/gcc/arm-none-eabi/9.3.1/../../../../arm-none-eabi/lib/thumb/v7-m/nofp\libc_nano.a(lib_a-init.o)
                0x00000000080031b4                __libc_init_array
 .text.memset   0x00000000080031fc       0x10 c:/st/stm32cubeide_1.7.0/stm32cubeide/plugins/com.st.stm32cube.ide.mcu.externaltools.gnu-tools-for-stm32.9-2020-q2-update.win32_2.0.0.202105311346/tools/bin/../lib/gcc/arm-none-eabi/9.3.1/../../../../arm-none-eabi/lib/thumb/v7-m/nofp\libc_nano.a(lib_a-memset.o)
                0x00000000080031fc                memset
 *(.glue_7)
 .glue_7        0x000000000800320c        0x0 linker stubs
 *(.glue_7t)
 .glue_7t       0x000000000800320c        0x0 linker stubs
 *(.eh_frame)
 .eh_frame      0x000000000800320c        0x0 c:/st/stm32cubeide_1.7.0/stm32cubeide/plugins/com.st.stm32cube.ide.mcu.externaltools.gnu-tools-for-stm32.9-2020-q2-update.win32_2.0.0.202105311346/tools/bin/../lib/gcc/arm-none-eabi/9.3.1/thumb/v7-m/nofp/crtbegin.o
 *(.init)
 .init          0x000000000800320c        0x4 c:/st/stm32cubeide_1.7.0/stm32cubeide/plugins/com.st.stm32cube.ide.mcu.externaltools.gnu-tools-for-stm32.9-2020-q2-update.win32_2.0.0.202105311346/tools/bin/../lib/gcc/arm-none-eabi/9.3.1/thumb/v7-m/nofp/crti.o
                0x000000000800320c                _init
 .init          0x0000000008003210        0x8 c:/st/stm32cubeide_1.7.0/stm32cubeide/plugins/com.st.stm32cube.ide.mcu.externaltools.gnu-tools-for-stm32.9-2020-q2-update.win32_2.0.0.202105311346/tools/bin/../lib/gcc/arm-none-eabi/9.3.1/thumb/v7-m/nofp/crtn.o
 *(.fini)
 .fini          0x0000000008003218        0x4 c:/st/stm32cubeide_1.7.0/stm32cubeide/plugins/com.st.stm32cube.ide.mcu.externaltools.gnu-tools-for-stm32.9-2020-q2-update.win32_2.0.0.202105311346/tools/bin/../lib/gcc/arm-none-eabi/9.3.1/thumb/v7-m/nofp/crti.o
                0x0000000008003218                _fini
 .fini          0x000000000800321c        0x8 c:/st/stm32cubeide_1.7.0/stm32cubeide/plugins/com.st.stm32cube.ide.mcu.externaltools.gnu-tools-for-stm32.9-2020-q2-update.win32_2.0.0.202105311346/tools/bin/../lib/gcc/arm-none-eabi/9.3.1/thumb/v7-m/nofp/crtn.o
                0x0000000008003224                . = ALIGN (0x4)
                0x0000000008003224                _etext = .

.vfp11_veneer   0x0000000008003224        0x0
 .vfp11_veneer  0x0000000008003224        0x0 linker stubs

.v4_bx          0x0000000008003224        0x0
 .v4_bx         0x0000000008003224        0x0 linker stubs

.iplt           0x0000000008003224        0x0
 .iplt          0x0000000008003224        0x0 c:/st/stm32cubeide_1.7.0/stm32cubeide/plugins/com.st.stm32cube.ide.mcu.externaltools.gnu-tools-for-stm32.9-2020-q2-update.win32_2.0.0.202105311346/tools/bin/../lib/gcc/arm-none-eabi/9.3.1/thumb/v7-m/nofp/crtbegin.o

.rodata         0x0000000008003224       0x24
                0x0000000008003224                . = ALIGN (0x4)
 *(.rodata)
 *(.rodata*)
 .rodata.AHBPrescTable
                0x0000000008003224       0x10 ./Core/Src/system_stm32f1xx.o
                0x0000000008003224                AHBPrescTable
 .rodata.aPLLMULFactorTable.6032
                0x0000000008003234       0x10 ./Drivers/STM32F1xx_HAL_Driver/Src/stm32f1xx_hal_rcc.o
 .rodata.aPredivFactorTable.6033
                0x0000000008003244        0x2 ./Drivers/STM32F1xx_HAL_Driver/Src/stm32f1xx_hal_rcc.o
                0x0000000008003248                . = ALIGN (0x4)
 *fill*         0x0000000008003246        0x2 

.rel.dyn        0x0000000008003248        0x0
 .rel.iplt      0x0000000008003248        0x0 c:/st/stm32cubeide_1.7.0/stm32cubeide/plugins/com.st.stm32cube.ide.mcu.externaltools.gnu-tools-for-stm32.9-2020-q2-update.win32_2.0.0.202105311346/tools/bin/../lib/gcc/arm-none-eabi/9.3.1/thumb/v7-m/nofp/crtbegin.o

.ARM.extab      0x0000000008003248        0x0
                0x0000000008003248                . = ALIGN (0x4)
 *(.ARM.extab* .gnu.linkonce.armextab.*)
                0x0000000008003248                . = ALIGN (0x4)

.ARM            0x0000000008003248        0x0
                0x0000000008003248                . = ALIGN (0x4)
                0x0000000008003248                __exidx_start = .
 *(.ARM.exidx*)
                0x0000000008003248                __exidx_end = .
                0x0000000008003248                . = ALIGN (0x4)

.preinit_array  0x0000000008003248        0x0
                0x0000000008003248                . = ALIGN (0x4)
                0x0000000008003248                PROVIDE (__preinit_array_start = .)
 *(.preinit_array*)
                0x0000000008003248                PROVIDE (__preinit_array_end = .)
                0x0000000008003248                . = ALIGN (0x4)

.init_array     0x0000000008003248        0x4
                0x0000000008003248                . = ALIGN (0x4)
                0x0000000008003248                PROVIDE (__init_array_start = .)
 *(SORT_BY_NAME(.init_array.*))
 *(.init_array*)
 .init_array    0x0000000008003248        0x4 c:/st/stm32cubeide_1.7.0/stm32cubeide/plugins/com.st.stm32cube.ide.mcu.externaltools.gnu-tools-for-stm32.9-2020-q2-update.win32_2.0.0.202105311346/tools/bin/../lib/gcc/arm-none-eabi/9.3.1/thumb/v7-m/nofp/crtbegin.o
                0x000000000800324c                PROVIDE (__init_array_end = .)
                0x000000000800324c                . = ALIGN (0x4)

.fini_array     0x000000000800324c        0x4
                0x000000000800324c                . = ALIGN (0x4)
                [!provide]                        PROVIDE (__fini_array_start = .)
 *(SORT_BY_NAME(.fini_array.*))
 *(.fini_array*)
 .fini_array    0x000000000800324c        0x4 c:/st/stm32cubeide_1.7.0/stm32cubeide/plugins/com.st.stm32cube.ide.mcu.externaltools.gnu-tools-for-stm32.9-2020-q2-update.win32_2.0.0.202105311346/tools/bin/../lib/gcc/arm-none-eabi/9.3.1/thumb/v7-m/nofp/crtbegin.o
                [!provide]                        PROVIDE (__fini_array_end = .)
                0x0000000008003250                . = ALIGN (0x4)
                0x0000000008003250                _sidata = LOADADDR (.data)

.data           0x0000000020000000       0x64 load address 0x0000000008003250
                0x0000000020000000                . = ALIGN (0x4)
                0x0000000020000000                _sdata = .
 *(.data)
 *(.data*)
 .data.KeyReg0_B1
                0x0000000020000000        0x4 ./Core/Src/button.o
                0x0000000020000000                KeyReg0_B1
 .data.KeyReg1_B1
                0x0000000020000004        0x4 ./Core/Src/button.o
                0x0000000020000004                KeyReg1_B1
 .data.KeyReg2_B1
                0x0000000020000008        0x4 ./Core/Src/button.o
                0x0000000020000008                KeyReg2_B1
 .data.KeyReg3_B1
                0x000000002000000c        0x4 ./Core/Src/button.o
                0x000000002000000c                KeyReg3_B1
 .data.KeyReg0_B2
                0x0000000020000010        0x4 ./Core/Src/button.o
                0x0000000020000010                KeyReg0_B2
 .data.KeyReg1_B2
                0x0000000020000014        0x4 ./Core/Src/button.o
                0x0000000020000014                KeyReg1_B2
 .data.KeyReg2_B2
                0x0000000020000018        0x4 ./Core/Src/button.o
                0x0000000020000018                KeyReg2_B2
 .data.KeyReg3_B2
                0x000000002000001c        0x4 ./Core/Src/button.o
                0x000000002000001c                KeyReg3_B2
 .data.KeyReg0_B3
                0x0000000020000020        0x4 ./Core/Src/button.o
                0x0000000020000020                KeyReg0_B3
 .data.KeyReg1_B3
                0x0000000020000024        0x4 ./Core/Src/button.o
                0x0000000020000024                KeyReg1_B3
 .data.KeyReg2_B3
                0x0000000020000028        0x4 ./Core/Src/button.o
                0x0000000020000028                KeyReg2_B3
 .data.KeyReg3_B3
                0x000000002000002c        0x4 ./Core/Src/button.o
                0x000000002000002c                KeyReg3_B3
 .data.timerForKeyPress_1
                0x0000000020000030        0x4 ./Core/Src/button.o
                0x0000000020000030                timerForKeyPress_1
 .data.timerForKeyPress_2
                0x0000000020000034        0x4 ./Core/Src/button.o
                0x0000000020000034                timerForKeyPress_2
 .data.timerForKeyPress_3
                0x0000000020000038        0x4 ./Core/Src/button.o
                0x0000000020000038                timerForKeyPress_3
 .data.save_red
                0x000000002000003c        0x4 ./Core/Src/fsm.o
                0x000000002000003c                save_red
 .data.save_yellow
                0x0000000020000040        0x4 ./Core/Src/fsm.o
                0x0000000020000040                save_yellow
 .data.save_green
                0x0000000020000044        0x4 ./Core/Src/fsm.o
                0x0000000020000044                save_green
 .data.time_for_red
                0x0000000020000048        0x4 ./Core/Src/fsm_setting.o
                0x0000000020000048                time_for_red
 .data.time_for_yellow
                0x000000002000004c        0x4 ./Core/Src/fsm_setting.o
                0x000000002000004c                time_for_yellow
 .data.time_for_green
                0x0000000020000050        0x4 ./Core/Src/fsm_setting.o
                0x0000000020000050                time_for_green
 .data.current_mode
                0x0000000020000054        0x4 ./Core/Src/fsm_setting.o
                0x0000000020000054                current_mode
 .data.SystemCoreClock
                0x0000000020000058        0x4 ./Core/Src/system_stm32f1xx.o
                0x0000000020000058                SystemCoreClock
 .data.uwTickPrio
                0x000000002000005c        0x4 ./Drivers/STM32F1xx_HAL_Driver/Src/stm32f1xx_hal.o
                0x000000002000005c                uwTickPrio
 .data.uwTickFreq
                0x0000000020000060        0x1 ./Drivers/STM32F1xx_HAL_Driver/Src/stm32f1xx_hal.o
                0x0000000020000060                uwTickFreq
 *(.RamFunc)
 *(.RamFunc*)
                0x0000000020000064                . = ALIGN (0x4)
 *fill*         0x0000000020000061        0x3 
                0x0000000020000064                _edata = .

.igot.plt       0x0000000020000064        0x0 load address 0x00000000080032b4
 .igot.plt      0x0000000020000064        0x0 c:/st/stm32cubeide_1.7.0/stm32cubeide/plugins/com.st.stm32cube.ide.mcu.externaltools.gnu-tools-for-stm32.9-2020-q2-update.win32_2.0.0.202105311346/tools/bin/../lib/gcc/arm-none-eabi/9.3.1/thumb/v7-m/nofp/crtbegin.o
                0x0000000020000064                . = ALIGN (0x4)

.bss            0x0000000020000064      0x3c4 load address 0x00000000080032b4
                0x0000000020000064                _sbss = .
                0x0000000020000064                __bss_start__ = _sbss
 *(.bss)
 .bss           0x0000000020000064       0x1c c:/st/stm32cubeide_1.7.0/stm32cubeide/plugins/com.st.stm32cube.ide.mcu.externaltools.gnu-tools-for-stm32.9-2020-q2-update.win32_2.0.0.202105311346/tools/bin/../lib/gcc/arm-none-eabi/9.3.1/thumb/v7-m/nofp/crtbegin.o
 *(.bss*)
 .bss.button1_flag
                0x0000000020000080        0x4 ./Core/Src/button.o
                0x0000000020000080                button1_flag
 .bss.button2_flag
                0x0000000020000084        0x4 ./Core/Src/button.o
                0x0000000020000084                button2_flag
 .bss.button3_flag
                0x0000000020000088        0x4 ./Core/Src/button.o
                0x0000000020000088                button3_flag
 .bss.index_led
                0x000000002000008c        0x4 ./Core/Src/display7SEG.o
                0x000000002000008c                index_led
 .bss.led_buffer_X
                0x0000000020000090        0x8 ./Core/Src/display7SEG.o
                0x0000000020000090                led_buffer_X
 .bss.led_buffer_Y
                0x0000000020000098        0x8 ./Core/Src/display7SEG.o
                0x0000000020000098                led_buffer_Y
 .bss.counter_X
                0x00000000200000a0        0x4 ./Core/Src/fsm.o
                0x00000000200000a0                counter_X
 .bss.counter_Y
                0x00000000200000a4        0x4 ./Core/Src/fsm.o
                0x00000000200000a4                counter_Y
 .bss.clock_X   0x00000000200000a8        0x4 ./Core/Src/fsm.o
                0x00000000200000a8                clock_X
 .bss.clock_Y   0x00000000200000ac        0x4 ./Core/Src/fsm.o
                0x00000000200000ac                clock_Y
 .bss.not_save_flag
                0x00000000200000b0        0x4 ./Core/Src/fsm_setting.o
                0x00000000200000b0                not_save_flag
 .bss.status    0x00000000200000b4        0x4 ./Core/Src/global.o
                0x00000000200000b4                status
 .bss.Error_code_G
                0x00000000200000b8        0x1 ./Core/Src/scheduler.o
                0x00000000200000b8                Error_code_G
 *(COMMON)
 *fill*         0x00000000200000b9        0x3 
 COMMON         0x00000000200000bc      0x368 ./Core/Src/main.o
                0x00000000200000bc                SCH_tasks_G
                0x00000000200003dc                htim2
 COMMON         0x0000000020000424        0x4 ./Drivers/STM32F1xx_HAL_Driver/Src/stm32f1xx_hal.o
                0x0000000020000424                uwTick
                0x0000000020000428                . = ALIGN (0x4)
                0x0000000020000428                _ebss = .
                0x0000000020000428                __bss_end__ = _ebss

._user_heap_stack
                0x0000000020000428      0x600 load address 0x00000000080032b4
                0x0000000020000428                . = ALIGN (0x8)
                [!provide]                        PROVIDE (end = .)
                0x0000000020000428                PROVIDE (_end = .)
                0x0000000020000628                . = (. + _Min_Heap_Size)
 *fill*         0x0000000020000428      0x200 
                0x0000000020000a28                . = (. + _Min_Stack_Size)
 *fill*         0x0000000020000628      0x400 
                0x0000000020000a28                . = ALIGN (0x8)

/DISCARD/
 libc.a(*)
 libm.a(*)
 libgcc.a(*)

.ARM.attributes
                0x0000000000000000       0x29
 *(.ARM.attributes)
 .ARM.attributes
                0x0000000000000000       0x1d c:/st/stm32cubeide_1.7.0/stm32cubeide/plugins/com.st.stm32cube.ide.mcu.externaltools.gnu-tools-for-stm32.9-2020-q2-update.win32_2.0.0.202105311346/tools/bin/../lib/gcc/arm-none-eabi/9.3.1/thumb/v7-m/nofp/crti.o
 .ARM.attributes
                0x000000000000001d       0x2d c:/st/stm32cubeide_1.7.0/stm32cubeide/plugins/com.st.stm32cube.ide.mcu.externaltools.gnu-tools-for-stm32.9-2020-q2-update.win32_2.0.0.202105311346/tools/bin/../lib/gcc/arm-none-eabi/9.3.1/thumb/v7-m/nofp/crtbegin.o
 .ARM.attributes
                0x000000000000004a       0x2d ./Core/Src/button.o
 .ARM.attributes
                0x0000000000000077       0x2d ./Core/Src/display7SEG.o
 .ARM.attributes
                0x00000000000000a4       0x2d ./Core/Src/fsm.o
 .ARM.attributes
                0x00000000000000d1       0x2d ./Core/Src/fsm_setting.o
 .ARM.attributes
                0x00000000000000fe       0x33 ./Core/Src/global.o
 .ARM.attributes
                0x0000000000000131       0x2d ./Core/Src/main.o
 .ARM.attributes
                0x000000000000015e       0x2d ./Core/Src/scheduler.o
 .ARM.attributes
                0x000000000000018b       0x2d ./Core/Src/stm32f1xx_hal_msp.o
 .ARM.attributes
                0x00000000000001b8       0x2d ./Core/Src/stm32f1xx_it.o
 .ARM.attributes
                0x00000000000001e5       0x2d ./Core/Src/system_stm32f1xx.o
 .ARM.attributes
                0x0000000000000212       0x21 ./Core/Startup/startup_stm32f103c6ux.o
 .ARM.attributes
                0x0000000000000233       0x2d ./Drivers/STM32F1xx_HAL_Driver/Src/stm32f1xx_hal.o
 .ARM.attributes
                0x0000000000000260       0x2d ./Drivers/STM32F1xx_HAL_Driver/Src/stm32f1xx_hal_cortex.o
 .ARM.attributes
                0x000000000000028d       0x2d ./Drivers/STM32F1xx_HAL_Driver/Src/stm32f1xx_hal_gpio.o
 .ARM.attributes
                0x00000000000002ba       0x2d ./Drivers/STM32F1xx_HAL_Driver/Src/stm32f1xx_hal_rcc.o
 .ARM.attributes
                0x00000000000002e7       0x2d ./Drivers/STM32F1xx_HAL_Driver/Src/stm32f1xx_hal_tim.o
 .ARM.attributes
                0x0000000000000314       0x2d ./Drivers/STM32F1xx_HAL_Driver/Src/stm32f1xx_hal_tim_ex.o
 .ARM.attributes
                0x0000000000000341       0x2d c:/st/stm32cubeide_1.7.0/stm32cubeide/plugins/com.st.stm32cube.ide.mcu.externaltools.gnu-tools-for-stm32.9-2020-q2-update.win32_2.0.0.202105311346/tools/bin/../lib/gcc/arm-none-eabi/9.3.1/../../../../arm-none-eabi/lib/thumb/v7-m/nofp\libc_nano.a(lib_a-init.o)
 .ARM.attributes
                0x000000000000036e       0x2d c:/st/stm32cubeide_1.7.0/stm32cubeide/plugins/com.st.stm32cube.ide.mcu.externaltools.gnu-tools-for-stm32.9-2020-q2-update.win32_2.0.0.202105311346/tools/bin/../lib/gcc/arm-none-eabi/9.3.1/../../../../arm-none-eabi/lib/thumb/v7-m/nofp\libc_nano.a(lib_a-memset.o)
 .ARM.attributes
                0x000000000000039b       0x1d c:/st/stm32cubeide_1.7.0/stm32cubeide/plugins/com.st.stm32cube.ide.mcu.externaltools.gnu-tools-for-stm32.9-2020-q2-update.win32_2.0.0.202105311346/tools/bin/../lib/gcc/arm-none-eabi/9.3.1/thumb/v7-m/nofp/crtn.o
OUTPUT(LAB4_Exercise.elf elf32-littlearm)
LOAD linker stubs
LOAD c:/st/stm32cubeide_1.7.0/stm32cubeide/plugins/com.st.stm32cube.ide.mcu.externaltools.gnu-tools-for-stm32.9-2020-q2-update.win32_2.0.0.202105311346/tools/bin/../lib/gcc/arm-none-eabi/9.3.1/../../../../arm-none-eabi/lib/thumb/v7-m/nofp\libc.a
LOAD c:/st/stm32cubeide_1.7.0/stm32cubeide/plugins/com.st.stm32cube.ide.mcu.externaltools.gnu-tools-for-stm32.9-2020-q2-update.win32_2.0.0.202105311346/tools/bin/../lib/gcc/arm-none-eabi/9.3.1/../../../../arm-none-eabi/lib/thumb/v7-m/nofp\libm.a
LOAD c:/st/stm32cubeide_1.7.0/stm32cubeide/plugins/com.st.stm32cube.ide.mcu.externaltools.gnu-tools-for-stm32.9-2020-q2-update.win32_2.0.0.202105311346/tools/bin/../lib/gcc/arm-none-eabi/9.3.1/thumb/v7-m/nofp\libgcc.a

.debug_info     0x0000000000000000     0x985a
 .debug_info    0x0000000000000000      0x437 ./Core/Src/button.o
 .debug_info    0x0000000000000437      0x3fb ./Core/Src/display7SEG.o
 .debug_info    0x0000000000000832      0x39f ./Core/Src/fsm.o
 .debug_info    0x0000000000000bd1      0x3e1 ./Core/Src/fsm_setting.o
 .debug_info    0x0000000000000fb2       0x3b ./Core/Src/global.o
 .debug_info    0x0000000000000fed      0xcf4 ./Core/Src/main.o
 .debug_info    0x0000000000001ce1      0x288 ./Core/Src/scheduler.o
 .debug_info    0x0000000000001f69      0xa09 ./Core/Src/stm32f1xx_hal_msp.o
 .debug_info    0x0000000000002972      0x7b9 ./Core/Src/stm32f1xx_it.o
 .debug_info    0x000000000000312b      0x2be ./Core/Src/system_stm32f1xx.o
 .debug_info    0x00000000000033e9       0x22 ./Core/Startup/startup_stm32f103c6ux.o
 .debug_info    0x000000000000340b      0x74c ./Drivers/STM32F1xx_HAL_Driver/Src/stm32f1xx_hal.o
 .debug_info    0x0000000000003b57      0xbbe ./Drivers/STM32F1xx_HAL_Driver/Src/stm32f1xx_hal_cortex.o
 .debug_info    0x0000000000004715      0x701 ./Drivers/STM32F1xx_HAL_Driver/Src/stm32f1xx_hal_gpio.o
 .debug_info    0x0000000000004e16      0x893 ./Drivers/STM32F1xx_HAL_Driver/Src/stm32f1xx_hal_rcc.o
 .debug_info    0x00000000000056a9     0x2c32 ./Drivers/STM32F1xx_HAL_Driver/Src/stm32f1xx_hal_tim.o
 .debug_info    0x00000000000082db     0x157f ./Drivers/STM32F1xx_HAL_Driver/Src/stm32f1xx_hal_tim_ex.o

.debug_abbrev   0x0000000000000000     0x1b7a
 .debug_abbrev  0x0000000000000000      0x150 ./Core/Src/button.o
 .debug_abbrev  0x0000000000000150      0x15b ./Core/Src/display7SEG.o
 .debug_abbrev  0x00000000000002ab      0x121 ./Core/Src/fsm.o
 .debug_abbrev  0x00000000000003cc      0x107 ./Core/Src/fsm_setting.o
 .debug_abbrev  0x00000000000004d3       0x31 ./Core/Src/global.o
 .debug_abbrev  0x0000000000000504      0x269 ./Core/Src/main.o
 .debug_abbrev  0x000000000000076d      0x161 ./Core/Src/scheduler.o
 .debug_abbrev  0x00000000000008ce      0x1b7 ./Core/Src/stm32f1xx_hal_msp.o
 .debug_abbrev  0x0000000000000a85      0x176 ./Core/Src/stm32f1xx_it.o
 .debug_abbrev  0x0000000000000bfb      0x14e ./Core/Src/system_stm32f1xx.o
 .debug_abbrev  0x0000000000000d49       0x12 ./Core/Startup/startup_stm32f103c6ux.o
 .debug_abbrev  0x0000000000000d5b      0x1ed ./Drivers/STM32F1xx_HAL_Driver/Src/stm32f1xx_hal.o
 .debug_abbrev  0x0000000000000f48      0x313 ./Drivers/STM32F1xx_HAL_Driver/Src/stm32f1xx_hal_cortex.o
 .debug_abbrev  0x000000000000125b      0x1e8 ./Drivers/STM32F1xx_HAL_Driver/Src/stm32f1xx_hal_gpio.o
 .debug_abbrev  0x0000000000001443      0x273 ./Drivers/STM32F1xx_HAL_Driver/Src/stm32f1xx_hal_rcc.o
 .debug_abbrev  0x00000000000016b6      0x25e ./Drivers/STM32F1xx_HAL_Driver/Src/stm32f1xx_hal_tim.o
 .debug_abbrev  0x0000000000001914      0x266 ./Drivers/STM32F1xx_HAL_Driver/Src/stm32f1xx_hal_tim_ex.o

.debug_aranges  0x0000000000000000      0xaf0
 .debug_aranges
                0x0000000000000000       0x60 ./Core/Src/button.o
 .debug_aranges
                0x0000000000000060       0x50 ./Core/Src/display7SEG.o
 .debug_aranges
                0x00000000000000b0       0x30 ./Core/Src/fsm.o
 .debug_aranges
                0x00000000000000e0       0x60 ./Core/Src/fsm_setting.o
 .debug_aranges
                0x0000000000000140       0x18 ./Core/Src/global.o
 .debug_aranges
                0x0000000000000158       0x50 ./Core/Src/main.o
 .debug_aranges
                0x00000000000001a8       0x60 ./Core/Src/scheduler.o
 .debug_aranges
                0x0000000000000208       0x30 ./Core/Src/stm32f1xx_hal_msp.o
 .debug_aranges
                0x0000000000000238       0x68 ./Core/Src/stm32f1xx_it.o
 .debug_aranges
                0x00000000000002a0       0x28 ./Core/Src/system_stm32f1xx.o
 .debug_aranges
                0x00000000000002c8       0x28 ./Core/Startup/startup_stm32f103c6ux.o
 .debug_aranges
                0x00000000000002f0       0xe0 ./Drivers/STM32F1xx_HAL_Driver/Src/stm32f1xx_hal.o
 .debug_aranges
                0x00000000000003d0      0x100 ./Drivers/STM32F1xx_HAL_Driver/Src/stm32f1xx_hal_cortex.o
 .debug_aranges
                0x00000000000004d0       0x58 ./Drivers/STM32F1xx_HAL_Driver/Src/stm32f1xx_hal_gpio.o
 .debug_aranges
                0x0000000000000528       0x90 ./Drivers/STM32F1xx_HAL_Driver/Src/stm32f1xx_hal_rcc.o
 .debug_aranges
                0x00000000000005b8      0x3d0 ./Drivers/STM32F1xx_HAL_Driver/Src/stm32f1xx_hal_tim.o
 .debug_aranges
                0x0000000000000988      0x168 ./Drivers/STM32F1xx_HAL_Driver/Src/stm32f1xx_hal_tim_ex.o

.debug_ranges   0x0000000000000000      0x9e0
 .debug_ranges  0x0000000000000000       0x50 ./Core/Src/button.o
 .debug_ranges  0x0000000000000050       0x40 ./Core/Src/display7SEG.o
 .debug_ranges  0x0000000000000090       0x20 ./Core/Src/fsm.o
 .debug_ranges  0x00000000000000b0       0x50 ./Core/Src/fsm_setting.o
 .debug_ranges  0x0000000000000100       0x40 ./Core/Src/main.o
 .debug_ranges  0x0000000000000140       0x50 ./Core/Src/scheduler.o
 .debug_ranges  0x0000000000000190       0x20 ./Core/Src/stm32f1xx_hal_msp.o
 .debug_ranges  0x00000000000001b0       0x58 ./Core/Src/stm32f1xx_it.o
 .debug_ranges  0x0000000000000208       0x18 ./Core/Src/system_stm32f1xx.o
 .debug_ranges  0x0000000000000220       0x20 ./Core/Startup/startup_stm32f103c6ux.o
 .debug_ranges  0x0000000000000240       0xd0 ./Drivers/STM32F1xx_HAL_Driver/Src/stm32f1xx_hal.o
 .debug_ranges  0x0000000000000310       0xf0 ./Drivers/STM32F1xx_HAL_Driver/Src/stm32f1xx_hal_cortex.o
 .debug_ranges  0x0000000000000400       0x48 ./Drivers/STM32F1xx_HAL_Driver/Src/stm32f1xx_hal_gpio.o
 .debug_ranges  0x0000000000000448       0x80 ./Drivers/STM32F1xx_HAL_Driver/Src/stm32f1xx_hal_rcc.o
 .debug_ranges  0x00000000000004c8      0x3c0 ./Drivers/STM32F1xx_HAL_Driver/Src/stm32f1xx_hal_tim.o
 .debug_ranges  0x0000000000000888      0x158 ./Drivers/STM32F1xx_HAL_Driver/Src/stm32f1xx_hal_tim_ex.o

.debug_macro    0x0000000000000000    0x16c81
 .debug_macro   0x0000000000000000      0x1b5 ./Core/Src/button.o
 .debug_macro   0x00000000000001b5      0xa9c ./Core/Src/button.o
 .debug_macro   0x0000000000000c51      0x215 ./Core/Src/button.o
 .debug_macro   0x0000000000000e66       0x2e ./Core/Src/button.o
 .debug_macro   0x0000000000000e94       0x22 ./Core/Src/button.o
 .debug_macro   0x0000000000000eb6       0x22 ./Core/Src/button.o
 .debug_macro   0x0000000000000ed8       0x8e ./Core/Src/button.o
 .debug_macro   0x0000000000000f66       0x51 ./Core/Src/button.o
 .debug_macro   0x0000000000000fb7      0x103 ./Core/Src/button.o
 .debug_macro   0x00000000000010ba       0x6a ./Core/Src/button.o
 .debug_macro   0x0000000000001124      0x1df ./Core/Src/button.o
 .debug_macro   0x0000000000001303       0x1c ./Core/Src/button.o
 .debug_macro   0x000000000000131f       0x22 ./Core/Src/button.o
 .debug_macro   0x0000000000001341       0xc3 ./Core/Src/button.o
 .debug_macro   0x0000000000001404      0xd23 ./Core/Src/button.o
 .debug_macro   0x0000000000002127     0xde75 ./Core/Src/button.o
 .debug_macro   0x000000000000ff9c       0x6d ./Core/Src/button.o
 .debug_macro   0x0000000000010009     0x34a2 ./Core/Src/button.o
 .debug_macro   0x00000000000134ab      0x174 ./Core/Src/button.o
 .debug_macro   0x000000000001361f       0x5c ./Core/Src/button.o
 .debug_macro   0x000000000001367b      0x5bc ./Core/Src/button.o
 .debug_macro   0x0000000000013c37      0x1b7 ./Core/Src/button.o
 .debug_macro   0x0000000000013dee      0x1cb ./Core/Src/button.o
 .debug_macro   0x0000000000013fb9      0x114 ./Core/Src/button.o
 .debug_macro   0x00000000000140cd      0x1b2 ./Core/Src/button.o
 .debug_macro   0x000000000001427f       0x27 ./Core/Src/button.o
 .debug_macro   0x00000000000142a6      0x12f ./Core/Src/button.o
 .debug_macro   0x00000000000143d5      0x1bc ./Core/Src/button.o
 .debug_macro   0x0000000000014591       0x34 ./Core/Src/button.o
 .debug_macro   0x00000000000145c5       0x3c ./Core/Src/button.o
 .debug_macro   0x0000000000014601       0x57 ./Core/Src/button.o
 .debug_macro   0x0000000000014658       0x87 ./Core/Src/button.o
 .debug_macro   0x00000000000146df      0x183 ./Core/Src/button.o
 .debug_macro   0x0000000000014862      0x140 ./Core/Src/button.o
 .debug_macro   0x00000000000149a2      0x8ed ./Core/Src/button.o
 .debug_macro   0x000000000001528f       0x69 ./Core/Src/button.o
 .debug_macro   0x00000000000152f8      0x154 ./Core/Src/button.o
 .debug_macro   0x000000000001544c       0x10 ./Core/Src/button.o
 .debug_macro   0x000000000001545c      0x1de ./Core/Src/display7SEG.o
 .debug_macro   0x000000000001563a       0x16 ./Core/Src/display7SEG.o
 .debug_macro   0x0000000000015650       0x40 ./Core/Src/display7SEG.o
 .debug_macro   0x0000000000015690      0x1de ./Core/Src/fsm.o
 .debug_macro   0x000000000001586e      0x1e0 ./Core/Src/fsm_setting.o
 .debug_macro   0x0000000000015a4e       0x3a ./Core/Src/fsm_setting.o
 .debug_macro   0x0000000000015a88       0x11 ./Core/Src/global.o
 .debug_macro   0x0000000000015a99      0x1fb ./Core/Src/main.o
 .debug_macro   0x0000000000015c94       0x16 ./Core/Src/main.o
 .debug_macro   0x0000000000015caa       0xae ./Core/Src/scheduler.o
 .debug_macro   0x0000000000015d58       0x10 ./Core/Src/scheduler.o
 .debug_macro   0x0000000000015d68      0x1a6 ./Core/Src/stm32f1xx_hal_msp.o
 .debug_macro   0x0000000000015f0e      0x1b0 ./Core/Src/stm32f1xx_it.o
 .debug_macro   0x00000000000160be      0x197 ./Core/Src/system_stm32f1xx.o
 .debug_macro   0x0000000000016255      0x1bb ./Drivers/STM32F1xx_HAL_Driver/Src/stm32f1xx_hal.o
 .debug_macro   0x0000000000016410      0x197 ./Drivers/STM32F1xx_HAL_Driver/Src/stm32f1xx_hal_cortex.o
 .debug_macro   0x00000000000165a7      0x202 ./Drivers/STM32F1xx_HAL_Driver/Src/stm32f1xx_hal_gpio.o
 .debug_macro   0x00000000000167a9      0x1a9 ./Drivers/STM32F1xx_HAL_Driver/Src/stm32f1xx_hal_rcc.o
 .debug_macro   0x0000000000016952      0x198 ./Drivers/STM32F1xx_HAL_Driver/Src/stm32f1xx_hal_tim.o
 .debug_macro   0x0000000000016aea      0x197 ./Drivers/STM32F1xx_HAL_Driver/Src/stm32f1xx_hal_tim_ex.o

.debug_line     0x0000000000000000     0xba86
 .debug_line    0x0000000000000000      0x80c ./Core/Src/button.o
 .debug_line    0x000000000000080c      0x8b7 ./Core/Src/display7SEG.o
 .debug_line    0x00000000000010c3      0x852 ./Core/Src/fsm.o
 .debug_line    0x0000000000001915      0x87d ./Core/Src/fsm_setting.o
 .debug_line    0x0000000000002192       0x35 ./Core/Src/global.o
 .debug_line    0x00000000000021c7      0x802 ./Core/Src/main.o
 .debug_line    0x00000000000029c9      0x536 ./Core/Src/scheduler.o
 .debug_line    0x0000000000002eff      0x6a1 ./Core/Src/stm32f1xx_hal_msp.o
 .debug_line    0x00000000000035a0      0x73f ./Core/Src/stm32f1xx_it.o
 .debug_line    0x0000000000003cdf      0x6e3 ./Core/Src/system_stm32f1xx.o
 .debug_line    0x00000000000043c2       0x86 ./Core/Startup/startup_stm32f103c6ux.o
 .debug_line    0x0000000000004448      0x910 ./Drivers/STM32F1xx_HAL_Driver/Src/stm32f1xx_hal.o
 .debug_line    0x0000000000004d58      0xaf8 ./Drivers/STM32F1xx_HAL_Driver/Src/stm32f1xx_hal_cortex.o
 .debug_line    0x0000000000005850      0x993 ./Drivers/STM32F1xx_HAL_Driver/Src/stm32f1xx_hal_gpio.o
 .debug_line    0x00000000000061e3      0xd1c ./Drivers/STM32F1xx_HAL_Driver/Src/stm32f1xx_hal_rcc.o
 .debug_line    0x0000000000006eff     0x3361 ./Drivers/STM32F1xx_HAL_Driver/Src/stm32f1xx_hal_tim.o
 .debug_line    0x000000000000a260     0x1826 ./Drivers/STM32F1xx_HAL_Driver/Src/stm32f1xx_hal_tim_ex.o

.debug_str      0x0000000000000000    0x82954
 .debug_str     0x0000000000000000    0x7fa9d ./Core/Src/button.o
                                      0x7fdf0 (size before relaxing)
 .debug_str     0x000000000007fa9d      0x259 ./Core/Src/display7SEG.o
                                      0x7fedb (size before relaxing)
 .debug_str     0x000000000007fcf6       0x3d ./Core/Src/fsm.o
                                      0x7fe7d (size before relaxing)
 .debug_str     0x000000000007fd33       0x81 ./Core/Src/fsm_setting.o
                                      0x7fec1 (size before relaxing)
 .debug_str     0x000000000007fdb4       0x15 ./Core/Src/global.o
                                       0x2d6a (size before relaxing)
 .debug_str     0x000000000007fdc9      0x740 ./Core/Src/main.o
                                      0x80636 (size before relaxing)
 .debug_str     0x0000000000080509      0x1f9 ./Core/Src/scheduler.o
                                       0x3ef5 (size before relaxing)
 .debug_str     0x0000000000080702      0x2ba ./Core/Src/stm32f1xx_hal_msp.o
                                      0x80402 (size before relaxing)
 .debug_str     0x00000000000809bc       0xcd ./Core/Src/stm32f1xx_it.o
                                      0x80164 (size before relaxing)
 .debug_str     0x0000000000080a89       0x52 ./Core/Src/system_stm32f1xx.o
                                      0x7f76d (size before relaxing)
 .debug_str     0x0000000000080adb       0x36 ./Core/Startup/startup_stm32f103c6ux.o
                                         0x61 (size before relaxing)
 .debug_str     0x0000000000080b11      0x304 ./Drivers/STM32F1xx_HAL_Driver/Src/stm32f1xx_hal.o
                                      0x7fdc4 (size before relaxing)
 .debug_str     0x0000000000080e15      0x300 ./Drivers/STM32F1xx_HAL_Driver/Src/stm32f1xx_hal_cortex.o
                                      0x7fdcc (size before relaxing)
 .debug_str     0x0000000000081115      0x324 ./Drivers/STM32F1xx_HAL_Driver/Src/stm32f1xx_hal_gpio.o
                                      0x7fb31 (size before relaxing)
 .debug_str     0x0000000000081439      0x24f ./Drivers/STM32F1xx_HAL_Driver/Src/stm32f1xx_hal_rcc.o
                                      0x7fb6a (size before relaxing)
 .debug_str     0x0000000000081688      0xdde ./Drivers/STM32F1xx_HAL_Driver/Src/stm32f1xx_hal_tim.o
                                      0x80b53 (size before relaxing)
 .debug_str     0x0000000000082466      0x4ee ./Drivers/STM32F1xx_HAL_Driver/Src/stm32f1xx_hal_tim_ex.o
                                      0x802f4 (size before relaxing)

.comment        0x0000000000000000       0x53
 .comment       0x0000000000000000       0x53 ./Core/Src/button.o
                                         0x54 (size before relaxing)
 .comment       0x0000000000000053       0x54 ./Core/Src/display7SEG.o
 .comment       0x0000000000000053       0x54 ./Core/Src/fsm.o
 .comment       0x0000000000000053       0x54 ./Core/Src/fsm_setting.o
 .comment       0x0000000000000053       0x54 ./Core/Src/global.o
 .comment       0x0000000000000053       0x54 ./Core/Src/main.o
 .comment       0x0000000000000053       0x54 ./Core/Src/scheduler.o
 .comment       0x0000000000000053       0x54 ./Core/Src/stm32f1xx_hal_msp.o
 .comment       0x0000000000000053       0x54 ./Core/Src/stm32f1xx_it.o
 .comment       0x0000000000000053       0x54 ./Core/Src/system_stm32f1xx.o
 .comment       0x0000000000000053       0x54 ./Drivers/STM32F1xx_HAL_Driver/Src/stm32f1xx_hal.o
 .comment       0x0000000000000053       0x54 ./Drivers/STM32F1xx_HAL_Driver/Src/stm32f1xx_hal_cortex.o
 .comment       0x0000000000000053       0x54 ./Drivers/STM32F1xx_HAL_Driver/Src/stm32f1xx_hal_gpio.o
 .comment       0x0000000000000053       0x54 ./Drivers/STM32F1xx_HAL_Driver/Src/stm32f1xx_hal_rcc.o
 .comment       0x0000000000000053       0x54 ./Drivers/STM32F1xx_HAL_Driver/Src/stm32f1xx_hal_tim.o
 .comment       0x0000000000000053       0x54 ./Drivers/STM32F1xx_HAL_Driver/Src/stm32f1xx_hal_tim_ex.o

.debug_frame    0x0000000000000000     0x2abc
 .debug_frame   0x0000000000000000      0x124 ./Core/Src/button.o
 .debug_frame   0x0000000000000124       0xf4 ./Core/Src/display7SEG.o
 .debug_frame   0x0000000000000218       0x68 ./Core/Src/fsm.o
 .debug_frame   0x0000000000000280      0x10c ./Core/Src/fsm_setting.o
 .debug_frame   0x000000000000038c       0xf0 ./Core/Src/main.o
 .debug_frame   0x000000000000047c      0x150 ./Core/Src/scheduler.o
 .debug_frame   0x00000000000005cc       0x80 ./Core/Src/stm32f1xx_hal_msp.o
 .debug_frame   0x000000000000064c      0x120 ./Core/Src/stm32f1xx_it.o
 .debug_frame   0x000000000000076c       0x58 ./Core/Src/system_stm32f1xx.o
 .debug_frame   0x00000000000007c4      0x334 ./Drivers/STM32F1xx_HAL_Driver/Src/stm32f1xx_hal.o
 .debug_frame   0x0000000000000af8      0x428 ./Drivers/STM32F1xx_HAL_Driver/Src/stm32f1xx_hal_cortex.o
 .debug_frame   0x0000000000000f20      0x14c ./Drivers/STM32F1xx_HAL_Driver/Src/stm32f1xx_hal_gpio.o
 .debug_frame   0x000000000000106c      0x218 ./Drivers/STM32F1xx_HAL_Driver/Src/stm32f1xx_hal_rcc.o
 .debug_frame   0x0000000000001284     0x11b4 ./Drivers/STM32F1xx_HAL_Driver/Src/stm32f1xx_hal_tim.o
 .debug_frame   0x0000000000002438      0x638 ./Drivers/STM32F1xx_HAL_Driver/Src/stm32f1xx_hal_tim_ex.o
 .debug_frame   0x0000000000002a70       0x2c c:/st/stm32cubeide_1.7.0/stm32cubeide/plugins/com.st.stm32cube.ide.mcu.externaltools.gnu-tools-for-stm32.9-2020-q2-update.win32_2.0.0.202105311346/tools/bin/../lib/gcc/arm-none-eabi/9.3.1/../../../../arm-none-eabi/lib/thumb/v7-m/nofp\libc_nano.a(lib_a-init.o)
 .debug_frame   0x0000000000002a9c       0x20 c:/st/stm32cubeide_1.7.0/stm32cubeide/plugins/com.st.stm32cube.ide.mcu.externaltools.gnu-tools-for-stm32.9-2020-q2-update.win32_2.0.0.202105311346/tools/bin/../lib/gcc/arm-none-eabi/9.3.1/../../../../arm-none-eabi/lib/thumb/v7-m/nofp\libc_nano.a(lib_a-memset.o)
